###############################################################################
#
# IAR ELF Linker V3.11.1.207 for STM8                     11/Apr/2020  13:57:55
# Copyright 2010-2019 IAR Systems AB.
#
#    Output file  =  
#        D:\Current Works\PT550 and TM1637\Debug\Exe\light_meter.out
#    Map file     =  
#        D:\Current Works\PT550 and TM1637\Debug\List\light_meter.map
#    Command line =  
#        -f C:\Users\sshah\AppData\Local\Temp\EW2C26.tmp ("D:\Current
#        Works\PT550 and TM1637\Debug\Obj\main.o" "D:\Current Works\PT550 and
#        TM1637\Debug\Obj\stm8s_adc1.o" "D:\Current Works\PT550 and
#        TM1637\Debug\Obj\stm8s_awu.o" "D:\Current Works\PT550 and
#        TM1637\Debug\Obj\stm8s_beep.o" "D:\Current Works\PT550 and
#        TM1637\Debug\Obj\stm8s_clk.o" "D:\Current Works\PT550 and
#        TM1637\Debug\Obj\stm8s_delay.o" "D:\Current Works\PT550 and
#        TM1637\Debug\Obj\stm8s_exti.o" "D:\Current Works\PT550 and
#        TM1637\Debug\Obj\stm8s_flash.o" "D:\Current Works\PT550 and
#        TM1637\Debug\Obj\stm8s_gpio.o" "D:\Current Works\PT550 and
#        TM1637\Debug\Obj\stm8s_i2c.o" "D:\Current Works\PT550 and
#        TM1637\Debug\Obj\stm8s_it.o" "D:\Current Works\PT550 and
#        TM1637\Debug\Obj\stm8s_itc.o" "D:\Current Works\PT550 and
#        TM1637\Debug\Obj\stm8s_iwdg.o" "D:\Current Works\PT550 and
#        TM1637\Debug\Obj\stm8s_rst.o" "D:\Current Works\PT550 and
#        TM1637\Debug\Obj\stm8s_spi.o" "D:\Current Works\PT550 and
#        TM1637\Debug\Obj\stm8s_tim1.o" "D:\Current Works\PT550 and
#        TM1637\Debug\Obj\stm8s_tim2.o" "D:\Current Works\PT550 and
#        TM1637\Debug\Obj\stm8s_tim4.o" "D:\Current Works\PT550 and
#        TM1637\Debug\Obj\stm8s_uart1.o" "D:\Current Works\PT550 and
#        TM1637\Debug\Obj\stm8s_wwdg.o" "D:\Current Works\PT550 and
#        TM1637\Debug\Obj\TM1637.o" --redirect _Printf=_PrintfFullNoMb
#        --redirect _Scanf=_ScanfFullNoMb --no_out_extension -o "D:\Current
#        Works\PT550 and TM1637\Debug\Exe\light_meter.out" --map "D:\Current
#        Works\PT550 and TM1637\Debug\List\light_meter.map" --config
#        "C:\Program Files (x86)\IAR Systems\Embedded Workbench
#        8.3\stm8\config\lnkstm8s103f3.icf" --config_def _CSTACK_SIZE=0x100
#        --config_def _HEAP_SIZE=0x100 --entry __iar_program_start --debug_lib)
#
###############################################################################

*******************************************************************************
*** RUNTIME MODEL ATTRIBUTES
***

__SystemLibrary            = DLib
__code_model               = small
__core                     = stm8
__data_model               = medium
__dlib_file_descriptor     = 0
__dlib_full_locale_support = 0
__rt_version               = 4


*******************************************************************************
*** PLACEMENT SUMMARY
***

"A0":  place at start of [0x000000-0x0000ff] { rw section .vregs };
"A1":  place at end of [0x000000-0x0003ff] { block CSTACK };
"A2":  place at start of [0x008000-0x009fff] { block INTVEC };
"P3":  place in [from 0x008000 to 0x009fff] {
          ro section __DLIB_PERTHREAD_init, ro section .far.data_init,
          ro section .far_func.textrw_init, ro section .huge.data_init,
          ro section .huge_func.textrw_init, ro section .iar.init_table,
          ro section .init_array, ro section .near.data_init,
          ro section .near.rodata, ro section .near_func.text,
          ro section .near_func.textrw_init, ro section .tiny.data_init,
          ro section .tiny.rodata_init };
"P4":  place in [from 0x008000 to 0x009fff] {
          ro section .far.rodata, ro section .far_func.text };
"P5":  place in [from 0x008000 to 0x009fff] {
          ro section .huge.rodata, ro section .huge_func.text };
do not initialize {
   rw section .eeprom.noinit, rw section .far.noinit, rw section .huge.noinit,
   rw section .near.noinit, rw section .tiny.noinit, rw section .vregs };

No sections matched the following patterns:

  ro section .far.data_init          in "P3-P5"
  ro section .far.rodata             in "P3-P5"
  ro section .far_func.text          in "P3-P5"
  ro section .far_func.textrw_init   in "P3-P5"
  ro section .huge.data_init         in "P3-P5"
  ro section .huge.rodata            in "P3-P5"
  ro section .huge_func.text         in "P3-P5"
  ro section .huge_func.textrw_init  in "P3-P5"
  ro section .iar.init_table         in "P3-P5"
  ro section .init_array             in "P3-P5"
  ro section .near.data_init         in "P3-P5"
  ro section .near_func.textrw_init  in "P3-P5"
  ro section .tiny.data_init         in "P3-P5"
  ro section .tiny.rodata_init       in "P3-P5"
  ro section __DLIB_PERTHREAD_init   in "P3-P5"
  rw section .far.bss                in "P2"
  rw section .far.data               in "P2"
  rw section .far.noinit             in "P2"
  rw section .far_func.textrw        in "P2"
  rw section .huge.bss               in "P2"
  rw section .huge.data              in "P2"
  rw section .huge.noinit            in "P2"
  rw section .huge_func.textrw       in "P2"
  rw section .iar.dynexit            in "P2"
  rw section .near.bss               in "P2"
  rw section .near.data              in "P2"
  rw section .near.noinit            in "P2"
  rw section .near_func.textrw       in "P2"
  rw section .tiny.bss               in "P1"
  rw section .tiny.data              in "P1"
  rw section .tiny.noinit            in "P1"
  rw section .tiny.rodata            in "P1"
  rw section __DLIB_PERTHREAD        in "P2"
  section .eeprom.data               in "P6-P8"
  section .eeprom.noinit             in "P6-P8"
  section .eeprom.rodata             in "P6-P8"


  Section          Kind      Address   Size  Object
  -------          ----      -------   ----  ------
"A0":                                   0xc
  .vregs           uninit   0x000000    0xc  vregs.o [4]
                          - 0x00000c    0xc

"A1":                                 0x100
  CSTACK                    0x000300  0x100  <Block>
    CSTACK         uninit   0x000300  0x100  <Block tail>
                          - 0x000400  0x100

"A2":                                  0x80
  INTVEC                    0x008000   0x80  <Block>
    .intvec        const    0x008000   0x80  interrupt.o [4]
                          - 0x008080   0x80

"P3-P5":                              0xb2a
  .near_func.text  ro code  0x008080  0x1da  float.o [4]
  .near_func.text  ro code  0x00825a   0xcd  TM1637.o [1]
  .near_func.text  ro code  0x008327   0x9e  stm8s_clk.o [1]
  .near_func.text  ro code  0x0083c5   0x8e  stm8s_gpio.o [1]
  .near_func.text  ro code  0x008453   0x86  TM1637.o [1]
  .near_func.text  ro code  0x0084d9   0x7a  main.o [1]
  .near_func.text  ro code  0x008553   0x72  main.o [1]
  .near_func.text  ro code  0x0085c5   0x70  stm8s_adc1.o [1]
  .near_func.text  ro code  0x008635   0x58  stm8s_clk.o [1]
  .near_func.text  ro code  0x00868d   0x56  stm8s_clk.o [1]
  .near_func.text  ro code  0x0086e3   0x55  stm8s_adc1.o [1]
  .near_func.text  ro code  0x008738   0x55  stm8s_adc1.o [1]
  .near_func.text  ro code  0x00878d   0x54  main.o [1]
  .near_func.text  ro code  0x0087e1   0x52  stm8s_adc1.o [1]
  .near_func.text  ro code  0x008833   0x38  vreg_util.o [4]
  .near_func.text  ro code  0x00886b   0x36  stm8s_clk.o [1]
  .near_func.text  ro code  0x0088a1   0x32  TM1637.o [1]
  .near_func.text  ro code  0x0088d3   0x32  short.o [4]
  .near_func.text  ro code  0x008905   0x31  stm8s_adc1.o [1]
  .near_func.text  ro code  0x008936   0x30  stm8s_clk.o [1]
  .near_func.text  ro code  0x008966   0x2f  stm8s_adc1.o [1]
  .near_func.text  ro code  0x008995   0x2c  stm8s_adc1.o [1]
  .near_func.text  ro code  0x0089c1   0x25  main.o [1]
  .near_func.text  ro code  0x0089e6   0x22  main.o [1]
  .near_func.text  ro code  0x008a08   0x21  stm8s_adc1.o [1]
  .near_func.text  ro code  0x008a29   0x1e  TM1637.o [1]
  .near_func.text  ro code  0x008a47   0x1a  stm8s_delay.o [1]
  .near_func.text  ro code  0x008a61   0x15  stm8s_delay.o [1]
  .near_func.text  ro code  0x008a76   0x14  stm8s_gpio.o [1]
  .near_func.text  ro code  0x008a8a   0x14  TM1637.o [1]
  .near_func.text  ro code  0x008a9e   0x14  init.o [4]
  .near_func.text  ro code  0x008ab2   0x14  __dbg_xxexit.o [3]
  .near_func.text  ro code  0x008ac6   0x13  stm8s_adc1.o [1]
  .near_func.text  ro code  0x008ad9   0x13  stm8s_clk.o [1]
  .near_func.text  ro code  0x008aec   0x13  cstartup.o [4]
  .near_func.text  ro code  0x008aff    0xd  stm8s_adc1.o [1]
  .near_func.text  ro code  0x008b0c    0xd  stm8s_clk.o [1]
  .near_func.text  ro code  0x008b19    0xd  stm8s_clk.o [1]
  .near_func.text  ro code  0x008b26    0xd  stm8s_clk.o [1]
  .near_func.text  ro code  0x008b33    0xd  stm8s_clk.o [1]
  .near_func.text  ro code  0x008b40    0xd  dc_util.o [4]
  .near_func.text  ro code  0x008b4d    0xc  long_util.o [4]
  .near.rodata     const    0x008b59    0xa  TM1637.o [1]
  .near_func.text  ro code  0x008b63    0xa  main.o [1]
  .near_func.text  ro code  0x008b6d    0x7  stm8s_gpio.o [1]
  .near_func.text  ro code  0x008b74    0x7  stm8s_gpio.o [1]
  .near_func.text  ro code  0x008b7b    0x5  stm8s_adc1.o [1]
  .near_func.text  ro code  0x008b80    0x5  cexit.o [4]
  .near_func.text  ro code  0x008b85    0x4  stm8s_gpio.o [1]
  .near_func.text  ro code  0x008b89    0x3  interrupt.o [4]
  .near_func.text  ro code  0x008b8c    0x3  low_level_init.o [4]
  .near_func.text  ro code  0x008b8f    0x3  exit.o [4]
  .near_func.text  ro code  0x008b92    0x3  unhandled_exception.o [4]
  .near_func.text  ro code  0x008b95    0x1  stm8s_it.o [1]
  .near_func.text  ro code  0x008b96    0x1  stm8s_it.o [1]
  .near_func.text  ro code  0x008b97    0x1  stm8s_it.o [1]
  .near_func.text  ro code  0x008b98    0x1  stm8s_it.o [1]
  .near_func.text  ro code  0x008b99    0x1  stm8s_it.o [1]
  .near_func.text  ro code  0x008b9a    0x1  stm8s_it.o [1]
  .near_func.text  ro code  0x008b9b    0x1  stm8s_it.o [1]
  .near_func.text  ro code  0x008b9c    0x1  stm8s_it.o [1]
  .near_func.text  ro code  0x008b9d    0x1  stm8s_it.o [1]
  .near_func.text  ro code  0x008b9e    0x1  stm8s_it.o [1]
  .near_func.text  ro code  0x008b9f    0x1  stm8s_it.o [1]
  .near_func.text  ro code  0x008ba0    0x1  stm8s_it.o [1]
  .near_func.text  ro code  0x008ba1    0x1  stm8s_it.o [1]
  .near_func.text  ro code  0x008ba2    0x1  stm8s_it.o [1]
  .near_func.text  ro code  0x008ba3    0x1  stm8s_it.o [1]
  .near_func.text  ro code  0x008ba4    0x1  stm8s_it.o [1]
  .near_func.text  ro code  0x008ba5    0x1  stm8s_it.o [1]
  .near_func.text  ro code  0x008ba6    0x1  stm8s_it.o [1]
  .near_func.text  ro code  0x008ba7    0x1  stm8s_it.o [1]
  .near_func.text  ro code  0x008ba8    0x1  stm8s_it.o [1]
  .near_func.text  ro code  0x008ba9    0x1  __dbg_break.o [3]
                          - 0x008baa  0xb2a



*******************************************************************************
*** MODULE SUMMARY
***

    Module                 ro code  ro data  rw data
    ------                 -------  -------  -------
D:\Current Works\PT550 and TM1637\Debug\Obj: [1]
    TM1637.o                   439       10
    main.o                     401
    stm8s_adc1.o               574
    stm8s_clk.o                505
    stm8s_delay.o               47
    stm8s_gpio.o               180
    stm8s_it.o                  20
    ------------------------------------------------
    Total:                   2 166       10

command line: [2]
    ------------------------------------------------
    Total:

dbgstm8smd.a: [3]
    __dbg_break.o                1
    __dbg_xxexit.o              20
    ------------------------------------------------
    Total:                      21

dlstm8smn.a: [4]
    cexit.o                      5
    cstartup.o                  19
    dc_util.o                   13
    exit.o                       3
    float.o                    474
    init.o                      20
    interrupt.o                  3      128
    long_util.o                 12
    low_level_init.o             3
    short.o                     50
    unhandled_exception.o        3
    vreg_util.o                 56
    vregs.o                                       12
    ------------------------------------------------
    Total:                     661      128       12

    Linker created                               256
----------------------------------------------------
    Grand Total:             2 848      138      268


*******************************************************************************
*** ENTRY LIST
***

Entry                      Address  Size  Type      Object
-----                      -------  ----  ----      ------
?b0                       0x000000        Data  Gb  vregs.o [4]
?b1                       0x000001        Data  Gb  vregs.o [4]
?b10                      0x00000a        Data  Gb  vregs.o [4]
?b11                      0x00000b        Data  Gb  vregs.o [4]
?b2                       0x000002        Data  Gb  vregs.o [4]
?b3                       0x000003        Data  Gb  vregs.o [4]
?b4                       0x000004        Data  Gb  vregs.o [4]
?b5                       0x000005        Data  Gb  vregs.o [4]
?b6                       0x000006        Data  Gb  vregs.o [4]
?b7                       0x000007        Data  Gb  vregs.o [4]
?b8                       0x000008        Data  Gb  vregs.o [4]
?b9                       0x000009        Data  Gb  vregs.o [4]
?dc32_l1                  0x008b40        Code  Gb  dc_util.o [4]
?e0                       0x000001        Data  Gb  vregs.o [4]
?e1                       0x000005        Data  Gb  vregs.o [4]
?e2                       0x000009        Data  Gb  vregs.o [4]
?epilogue_w4              0x00885a        Code  Gb  vreg_util.o [4]
?fcastf32u16_l0_x         0x00811a        Code  Gb  float.o [4]
?fcasts16f32_x_l0         0x008138        Code  Gb  float.o [4]
?fmul32_l0_l0_dc32        0x008080        Code  Gb  float.o [4]
?fmul32_l0_l0_l1          0x008085        Code  Gb  float.o [4]
?l0                       0x000000        Data  Gb  vregs.o [4]
?l1                       0x000004        Data  Gb  vregs.o [4]
?l2                       0x000008        Data  Gb  vregs.o [4]
?load32_l1_0x             0x008b4d        Code  Gb  long_util.o [4]
?mov_e0_e1                0x008861        Code  Gb  vreg_util.o [4]
?mov_l0_l1                0x00885e        Code  Gb  vreg_util.o [4]
?mov_w1_w3                0x008864        Code  Gb  vreg_util.o [4]
?mul16_x_x_w0             0x0088d3        Code  Gb  short.o [4]
?pop_w4                   0x00884b        Code  Gb  vreg_util.o [4]
?push_w4                  0x008833        Code  Gb  vreg_util.o [4]
?sll16_x_x_4              0x0088fb        Code  Gb  short.o [4]
?sll16_x_x_5              0x0088fa        Code  Gb  short.o [4]
?sll16_x_x_6              0x0088f9        Code  Gb  short.o [4]
?sll16_x_x_a              0x0088f1        Code  Gb  short.o [4]
?srl16_x_x_4              0x008900        Code  Gb  short.o [4]
?w0                       0x000000        Data  Gb  vregs.o [4]
?w1                       0x000002        Data  Gb  vregs.o [4]
?w2                       0x000004        Data  Gb  vregs.o [4]
?w3                       0x000006        Data  Gb  vregs.o [4]
?w4                       0x000008        Data  Gb  vregs.o [4]
?w5                       0x00000a        Data  Gb  vregs.o [4]
ADC1_ClearFlag            0x0087e1  0x52  Code  Gb  stm8s_adc1.o [1]
ADC1_Cmd                  0x008aff   0xd  Code  Gb  stm8s_adc1.o [1]
ADC1_ConversionConfig     0x008966  0x2f  Code  Gb  stm8s_adc1.o [1]
ADC1_DeInit               0x008905  0x31  Code  Gb  stm8s_adc1.o [1]
ADC1_ExternalTriggerConfig
                          0x008a08  0x21  Code  Gb  stm8s_adc1.o [1]
ADC1_GetConversionValue
                          0x0086e3  0x55  Code  Gb  stm8s_adc1.o [1]
ADC1_GetFlagStatus        0x008738  0x55  Code  Gb  stm8s_adc1.o [1]
ADC1_IRQHandler           0x008ba6   0x1  Code  Gb  stm8s_it.o [1]
ADC1_Init                 0x008995  0x2c  Code  Gb  stm8s_adc1.o [1]
ADC1_PrescalerConfig      0x008ac6  0x13  Code  Gb  stm8s_adc1.o [1]
ADC1_SchmittTriggerConfig
                          0x0085c5  0x70  Code  Gb  stm8s_adc1.o [1]
ADC1_StartConversion      0x008b7b   0x5  Code  Gb  stm8s_adc1.o [1]
ADC1_setup                0x0089c1  0x25  Code  Gb  main.o [1]
AWU_IRQHandler            0x008b97   0x1  Code  Gb  stm8s_it.o [1]
CLK_ClockSwitchCmd        0x008b33   0xd  Code  Gb  stm8s_clk.o [1]
CLK_ClockSwitchConfig     0x008327  0x9e  Code  Gb  stm8s_clk.o [1]
CLK_DeInit                0x00886b  0x36  Code  Gb  stm8s_clk.o [1]
CLK_GetFlagStatus         0x00868d  0x56  Code  Gb  stm8s_clk.o [1]
CLK_HSECmd                0x008b0c   0xd  Code  Gb  stm8s_clk.o [1]
CLK_HSICmd                0x008b19   0xd  Code  Gb  stm8s_clk.o [1]
CLK_HSIPrescalerConfig    0x008ad9  0x13  Code  Gb  stm8s_clk.o [1]
CLK_IRQHandler            0x008b98   0x1  Code  Gb  stm8s_it.o [1]
CLK_LSICmd                0x008b26   0xd  Code  Gb  stm8s_clk.o [1]
CLK_PeripheralClockConfig
                          0x008635  0x58  Code  Gb  stm8s_clk.o [1]
CLK_SYSCLKConfig          0x008936  0x30  Code  Gb  stm8s_clk.o [1]
CSTACK$$Base              0x000300         --   Gb  - Linker created -
CSTACK$$Limit             0x000400         --   Gb  - Linker created -
EEPROM_EEC_IRQHandler     0x008ba8   0x1  Code  Gb  stm8s_it.o [1]
EXTI_PORTA_IRQHandler     0x008b99   0x1  Code  Gb  stm8s_it.o [1]
EXTI_PORTB_IRQHandler     0x008b9a   0x1  Code  Gb  stm8s_it.o [1]
EXTI_PORTC_IRQHandler     0x008b9b   0x1  Code  Gb  stm8s_it.o [1]
EXTI_PORTD_IRQHandler     0x008b9c   0x1  Code  Gb  stm8s_it.o [1]
EXTI_PORTE_IRQHandler     0x008b9d   0x1  Code  Gb  stm8s_it.o [1]
GPIO_DeInit               0x008a76  0x14  Code  Gb  stm8s_gpio.o [1]
GPIO_Init                 0x0083c5  0x8e  Code  Gb  stm8s_gpio.o [1]
GPIO_ReadInputPin         0x008b74   0x7  Code  Gb  stm8s_gpio.o [1]
GPIO_WriteHigh            0x008b6d   0x7  Code  Gb  stm8s_gpio.o [1]
GPIO_WriteLow             0x008b85   0x4  Code  Gb  stm8s_gpio.o [1]
GPIO_setup                0x0089e6  0x22  Code  Gb  main.o [1]
I2C_IRQHandler            0x008ba5   0x1  Code  Gb  stm8s_it.o [1]
INTVEC$$Base              0x008000         --   Gb  - Linker created -
INTVEC$$Limit             0x008080         --   Gb  - Linker created -
Region$$Table$$Base     0x00000000         --   Gb  - Linker created -
Region$$Table$$Limit    0x00000000         --   Gb  - Linker created -
SPI_IRQHandler            0x008b9e   0x1  Code  Gb  stm8s_it.o [1]
TIM1_CAP_COM_IRQHandler
                          0x008ba0   0x1  Code  Gb  stm8s_it.o [1]
TIM1_UPD_OVF_TRG_BRK_IRQHandler
                          0x008b9f   0x1  Code  Gb  stm8s_it.o [1]
TIM2_CAP_COM_IRQHandler
                          0x008ba2   0x1  Code  Gb  stm8s_it.o [1]
TIM2_UPD_OVF_BRK_IRQHandler
                          0x008ba1   0x1  Code  Gb  stm8s_it.o [1]
TIM4_UPD_OVF_IRQHandler
                          0x008ba7   0x1  Code  Gb  stm8s_it.o [1]
TLI_IRQHandler            0x008b96   0x1  Code  Gb  stm8s_it.o [1]
TM1637_clear              0x008491  0x1e  Code  Gb  TM1637.o [1]
TM1637_display_number     0x0084c9  0x10  Code  Gb  TM1637.o [1]
TM1637_display_segments
                          0x008453  0x3e  Code  Gb  TM1637.o [1]
TM1637_init               0x0084af  0x1a  Code  Gb  TM1637.o [1]
TM1637_send_command       0x008a8a  0x14  Code  Gb  TM1637.o [1]
TM1637_start              0x008a29  0x1e  Code  Gb  TM1637.o [1]
TM1637_stop               0x0088a1  0x32  Code  Gb  TM1637.o [1]
TM1637_write_byte         0x00825a  0xcd  Code  Gb  TM1637.o [1]
TRAP_IRQHandler           0x008b95   0x1  Code  Gb  stm8s_it.o [1]
UART1_RX_IRQHandler       0x008ba4   0x1  Code  Gb  stm8s_it.o [1]
UART1_TX_IRQHandler       0x008ba3   0x1  Code  Gb  stm8s_it.o [1]
__DebugBreak              0x008ba9   0x1  Code  Gb  __dbg_break.o [3]
__exit                    0x008ab2  0x14  Code  Gb  __dbg_xxexit.o [3]
__iar_data_init2          0x008a9e  0x14  Code  Gb  init.o [4]
__iar_program_start       0x008aec        Code  Gb  cstartup.o [4]
__iar_unhandled_exception
                          0x008b92        Code  Gb  unhandled_exception.o [4]
__intvec                  0x008000        Data  Gb  interrupt.o [4]
__low_level_init          0x008b8c   0x3  Code  Gb  low_level_init.o [4]
_exit                     0x008b80        Code  Gb  cexit.o [4]
_interrupt_1              0x008b95        Code  Gb  stm8s_it.o [1]
_interrupt_12             0x008b9e        Code  Gb  stm8s_it.o [1]
_interrupt_13             0x008b9f        Code  Gb  stm8s_it.o [1]
_interrupt_14             0x008ba0        Code  Gb  stm8s_it.o [1]
_interrupt_15             0x008ba1        Code  Gb  stm8s_it.o [1]
_interrupt_16             0x008ba2        Code  Gb  stm8s_it.o [1]
_interrupt_19             0x008ba3        Code  Gb  stm8s_it.o [1]
_interrupt_2              0x008b96        Code  Gb  stm8s_it.o [1]
_interrupt_20             0x008ba4        Code  Gb  stm8s_it.o [1]
_interrupt_21             0x008ba5        Code  Gb  stm8s_it.o [1]
_interrupt_24             0x008ba6        Code  Gb  stm8s_it.o [1]
_interrupt_25             0x008ba7        Code  Gb  stm8s_it.o [1]
_interrupt_26             0x008ba8        Code  Gb  stm8s_it.o [1]
_interrupt_3              0x008b97        Code  Gb  stm8s_it.o [1]
_interrupt_4              0x008b98        Code  Gb  stm8s_it.o [1]
_interrupt_5              0x008b99        Code  Gb  stm8s_it.o [1]
_interrupt_6              0x008b9a        Code  Gb  stm8s_it.o [1]
_interrupt_7              0x008b9b        Code  Gb  stm8s_it.o [1]
_interrupt_8              0x008b9c        Code  Gb  stm8s_it.o [1]
_interrupt_9              0x008b9d        Code  Gb  stm8s_it.o [1]
adc_avg                   0x00878d  0x54  Code  Gb  main.o [1]
clock_setup               0x008553  0x72  Code  Gb  main.o [1]
delay_ms                  0x008a47  0x1a  Code  Gb  stm8s_delay.o [1]
delay_us                  0x008a61  0x15  Code  Gb  stm8s_delay.o [1]
exit                      0x008b8f   0x3  Code  Gb  exit.o [4]
get_lux                   0x008b63   0xa  Code  Gb  main.o [1]
main                      0x0084d9  0x7a  Code  Gb  main.o [1]
seg_data                  0x008b59   0xa  Data  Lc  TM1637.o [1]


[1] = D:\Current Works\PT550 and TM1637\Debug\Obj
[2] = command line
[3] = dbgstm8smd.a
[4] = dlstm8smn.a

  2 848 bytes of readonly  code memory
    138 bytes of readonly  data memory
    268 bytes of readwrite data memory

Errors: none
Warnings: none
